[    0.000000] Initializing cgroup subsys cpuset
[    0.000000] Initializing cgroup subsys cpu
[    0.000000] Initializing cgroup subsys cpuacct
[    0.000000] Linux version 4.4.0-210-generic (buildd@lgw01-amd64-009) (gcc version 5.4.0 20160609 (Ubuntu 5.4.0-6ubuntu1~16.04.12) ) #242-Ubuntu SMP Fri Apr 16 09:57:56 UTC 2021 (Ubuntu 4.4.0-210.242-generic 4.4.262)
[    0.000000] Command line: BOOT_IMAGE=/boot/vmlinuz-4.4.0-210-generic root=LABEL=cloudimg-rootfs ro console=tty1 console=ttyS0
[    0.000000] KERNEL supported cpus:
[    0.000000]   Intel GenuineIntel
[    0.000000]   AMD AuthenticAMD
[    0.000000]   Centaur CentaurHauls
[    0.000000] x86/fpu: xstate_offset[2]:  576, xstate_sizes[2]:  256
[    0.000000] x86/fpu: Supporting XSAVE feature 0x01: 'x87 floating point registers'
[    0.000000] x86/fpu: Supporting XSAVE feature 0x02: 'SSE registers'
[    0.000000] x86/fpu: Supporting XSAVE feature 0x04: 'AVX registers'
[    0.000000] x86/fpu: Enabled xstate features 0x7, context size is 832 bytes, using 'standard' format.
[    0.000000] e820: BIOS-provided physical RAM map:
[    0.000000] BIOS-e820: [mem 0x0000000000000000-0x000000000009fbff] usable
[    0.000000] BIOS-e820: [mem 0x000000000009fc00-0x000000000009ffff] reserved
[    0.000000] BIOS-e820: [mem 0x00000000000f0000-0x00000000000fffff] reserved
[    0.000000] BIOS-e820: [mem 0x0000000000100000-0x000000003ffeffff] usable
[    0.000000] BIOS-e820: [mem 0x000000003fff0000-0x000000003fffffff] ACPI data
[    0.000000] BIOS-e820: [mem 0x00000000fec00000-0x00000000fec00fff] reserved
[    0.000000] BIOS-e820: [mem 0x00000000fee00000-0x00000000fee00fff] reserved
[    0.000000] BIOS-e820: [mem 0x00000000fffc0000-0x00000000ffffffff] reserved
[    0.000000] NX (Execute Disable) protection: active
[    0.000000] SMBIOS 2.5 present.
[    0.000000] Hypervisor detected: KVM
[    0.000000] Kernel/User page tables isolation: disabled
[    0.000000] e820: last_pfn = 0x3fff0 max_arch_pfn = 0x400000000
[    0.000000] MTRR: Disabled
[    0.000000] x86/PAT: MTRRs disabled, skipping PAT initialization too.
[    0.000000] CPU MTRRs all blank - virtualized system.
[    0.000000] x86/PAT: Configuration [0-7]: WB  WT  UC- UC  WB  WT  UC- UC  
[    0.000000] found SMP MP-table at [mem 0x0009fff0-0x0009ffff] mapped at [ffff88000009fff0]
[    0.000000] Scanning 1 areas for low memory corruption
[    0.000000] RAMDISK: [mem 0x362dc000-0x37165fff]
[    0.000000] ACPI: Early table checksum verification disabled
[    0.000000] ACPI: RSDP 0x00000000000E0000 000024 (v02 VBOX  )
[    0.000000] ACPI: XSDT 0x000000003FFF0030 00003C (v01 VBOX   VBOXXSDT 00000001 ASL  00000061)
[    0.000000] ACPI: FACP 0x000000003FFF00F0 0000F4 (v04 VBOX   VBOXFACP 00000001 ASL  00000061)
[    0.000000] ACPI: DSDT 0x000000003FFF0610 002353 (v02 VBOX   VBOXBIOS 00000002 INTL 20100528)
[    0.000000] ACPI: FACS 0x000000003FFF0200 000040
[    0.000000] ACPI: FACS 0x000000003FFF0200 000040
[    0.000000] ACPI: APIC 0x000000003FFF0240 00005C (v02 VBOX   VBOXAPIC 00000001 ASL  00000061)
[    0.000000] ACPI: SSDT 0x000000003FFF02A0 00036C (v01 VBOX   VBOXCPUT 00000002 INTL 20100528)
[    0.000000] No NUMA configuration found
[    0.000000] Faking a node at [mem 0x0000000000000000-0x000000003ffeffff]
[    0.000000] NODE_DATA(0) allocated [mem 0x3ffeb000-0x3ffeffff]
[    0.000000] kvm-clock: Using msrs 4b564d01 and 4b564d00
[    0.000000] kvm-clock: cpu 0, msr 0:3ffe3001, primary cpu clock
[    0.000000] kvm-clock: using sched offset of 2863393487 cycles
[    0.000000] clocksource: kvm-clock: mask: 0xffffffffffffffff max_cycles: 0x1cd42e4dffb, max_idle_ns: 881590591483 ns
[    0.000000] Zone ranges:
[    0.000000]   DMA      [mem 0x0000000000001000-0x0000000000ffffff]
[    0.000000]   DMA32    [mem 0x0000000001000000-0x000000003ffeffff]
[    0.000000]   Normal   empty
[    0.000000]   Device   empty
[    0.000000] Movable zone start for each node
[    0.000000] Early memory node ranges
[    0.000000]   node   0: [mem 0x0000000000001000-0x000000000009efff]
[    0.000000]   node   0: [mem 0x0000000000100000-0x000000003ffeffff]
[    0.000000] Initmem setup node 0 [mem 0x0000000000001000-0x000000003ffeffff]
[    0.000000] ACPI: PM-Timer IO Port: 0x4008
[    0.000000] IOAPIC[0]: apic_id 2, version 32, address 0xfec00000, GSI 0-23
[    0.000000] ACPI: INT_SRC_OVR (bus 0 bus_irq 0 global_irq 2 dfl dfl)
[    0.000000] ACPI: INT_SRC_OVR (bus 0 bus_irq 9 global_irq 9 low level)
[    0.000000] Using ACPI (MADT) for SMP configuration information
[    0.000000] smpboot: Allowing 2 CPUs, 0 hotplug CPUs
[    0.000000] PM: Registered nosave memory: [mem 0x00000000-0x00000fff]
[    0.000000] PM: Registered nosave memory: [mem 0x0009f000-0x0009ffff]
[    0.000000] PM: Registered nosave memory: [mem 0x000a0000-0x000effff]
[    0.000000] PM: Registered nosave memory: [mem 0x000f0000-0x000fffff]
[    0.000000] e820: [mem 0x40000000-0xfebfffff] available for PCI devices
[    0.000000] Booting paravirtualized kernel on KVM
[    0.000000] clocksource: refined-jiffies: mask: 0xffffffff max_cycles: 0xffffffff, max_idle_ns: 7645519600211568 ns
[    0.000000] setup_percpu: NR_CPUS:512 nr_cpumask_bits:512 nr_cpu_ids:2 nr_node_ids:1
[    0.000000] PERCPU: Embedded 33 pages/cpu @ffff88003fc00000 s95192 r8192 d31784 u1048576
[    0.000000] Built 1 zonelists in Node order, mobility grouping on.  Total pages: 257912
[    0.000000] Policy zone: DMA32
[    0.000000] Kernel command line: BOOT_IMAGE=/boot/vmlinuz-4.4.0-210-generic root=LABEL=cloudimg-rootfs ro console=tty1 console=ttyS0
[    0.000000] PID hash table entries: 4096 (order: 3, 32768 bytes)
[    0.000000] Memory: 997792K/1048120K available (8644K kernel code, 1332K rwdata, 4044K rodata, 1492K init, 1164K bss, 50328K reserved, 0K cma-reserved)
[    0.000000] SLUB: HWalign=64, Order=0-3, MinObjects=0, CPUs=2, Nodes=1
[    0.000000] Hierarchical RCU implementation.
[    0.000000] 	Build-time adjustment of leaf fanout to 64.
[    0.000000] 	RCU restricting CPUs from NR_CPUS=512 to nr_cpu_ids=2.
[    0.000000] RCU: Adjusting geometry for rcu_fanout_leaf=64, nr_cpu_ids=2
[    0.000000] NR_IRQS:33024 nr_irqs:440 16
[    0.000000] Console: colour VGA+ 80x25
[    0.000000] console [tty1] enabled
[    0.000000] console [ttyS0] enabled
[    0.000000] tsc: Detected 2400.004 MHz processor
[    0.094925] Calibrating delay loop (skipped) preset value.. 4800.00 BogoMIPS (lpj=9600016)
[    0.096231] pid_max: default: 32768 minimum: 301
[    0.096927] ACPI: Core revision 20150930
[    0.098118] ACPI: 2 ACPI AML tables successfully acquired and loaded
[    0.099032] Security Framework initialized
[    0.099644] Yama: becoming mindful.
[    0.100173] AppArmor: AppArmor initialized
[    0.100808] Dentry cache hash table entries: 131072 (order: 8, 1048576 bytes)
[    0.101828] Inode-cache hash table entries: 65536 (order: 7, 524288 bytes)
[    0.102825] Mount-cache hash table entries: 2048 (order: 2, 16384 bytes)
[    0.103668] Mountpoint-cache hash table entries: 2048 (order: 2, 16384 bytes)
[    0.104671] Initializing cgroup subsys io
[    0.105226] Initializing cgroup subsys memory
[    0.105848] Initializing cgroup subsys devices
[    0.106522] Initializing cgroup subsys freezer
[    0.107108] Initializing cgroup subsys net_cls
[    0.107844] Initializing cgroup subsys perf_event
[    0.108760] Initializing cgroup subsys net_prio
[    0.109372] Initializing cgroup subsys hugetlb
[    0.110245] Initializing cgroup subsys pids
[    0.118701] mce: CPU supports 0 MCE banks
[    0.119508] Last level iTLB entries: 4KB 64, 2MB 8, 4MB 8
[    0.120251] Last level dTLB entries: 4KB 64, 2MB 0, 4MB 0, 1GB 4
[    0.121063] Spectre V1 : Mitigation: usercopy/swapgs barriers and __user pointer sanitization
[    0.122246] Spectre V2 : Mitigation: Full generic retpoline
[    0.122943] Spectre V2 : Spectre v2 / SpectreRSB mitigation: Filling RSB on context switch
[    0.124183] Speculative Store Bypass: Vulnerable
[    0.126689] Freeing SMP alternatives memory: 36K
[    0.131318] ftrace: allocating 32380 entries in 127 pages
[    0.171724] smpboot: APIC(0) Converting physical 0 to logical package 0
[    0.172792] smpboot: Max logical packages: 1
[    0.173543] x2apic enabled
[    0.174145] Switched APIC routing to physical x2apic.
[    0.175865] ..TIMER: vector=0x30 apic1=0 pin1=2 apic2=-1 pin2=-1
[    0.284705] smpboot: CPU0: Intel(R) Core(TM) i9-10885H CPU @ 2.40GHz (family: 0x6, model: 0xa5, stepping: 0x2)
[    0.286453] Performance Events: unsupported p6 CPU model 165 no PMU driver, software events only.
[    0.292798] KVM setup paravirtual spinlock
[    0.294004] x86: Booting SMP configuration:
[    0.294575] .... node  #0, CPUs:      #1
[    0.295260] kvm-clock: cpu 1, msr 0:3ffe3041, secondary cpu clock
[    0.303706] mce: CPU supports 0 MCE banks
[    0.306083] x86: Booted up 1 node, 2 CPUs
[    0.306805] smpboot: Total of 2 processors activated (9600.01 BogoMIPS)
[    0.307977] devtmpfs: initialized
[    0.310309] evm: security.selinux
[    0.310976] evm: security.SMACK64
[    0.311512] evm: security.SMACK64EXEC
[    0.312060] evm: security.SMACK64TRANSMUTE
[    0.312735] evm: security.SMACK64MMAP
[    0.313251] evm: security.ima
[    0.313776] evm: security.capability
[    0.314441] clocksource: jiffies: mask: 0xffffffff max_cycles: 0xffffffff, max_idle_ns: 7645041785100000 ns
[    0.315734] futex hash table entries: 512 (order: 3, 32768 bytes)
[    0.316623] pinctrl core: initialized pinctrl subsystem
[    0.317447] RTC time:  3:08:56, date: 06/01/24
[    0.318324] NET: Registered protocol family 16
[    0.329152] cpuidle: using governor ladder
[    0.341875] cpuidle: using governor menu
[    0.342689] PCCT header not found.
[    0.343359] ACPI: bus type PCI registered
[    0.344038] acpiphp: ACPI Hot Plug PCI Controller Driver version: 0.5
[    0.345116] PCI: Using configuration type 1 for base access
[    0.358127] ACPI: Added _OSI(Module Device)
[    0.359477] ACPI: Added _OSI(Processor Device)
[    0.360767] ACPI: Added _OSI(3.0 _SCP Extensions)
[    0.361725] ACPI: Added _OSI(Processor Aggregator Device)
[    0.362978] ACPI: Executed 1 blocks of module-level executable AML code
[    0.365336] ACPI: Interpreter enabled
[    0.365982] ACPI: (supports S0 S5)
[    0.366536] ACPI: Using IOAPIC for interrupt routing
[    0.367411] PCI: Using host bridge windows from ACPI; if necessary, use "pci=nocrs" and report a bug
[    0.371147] ACPI: PCI Root Bridge [PCI0] (domain 0000 [bus 00-ff])
[    0.372005] acpi PNP0A03:00: _OSC: OS supports [ASPM ClockPM Segments MSI]
[    0.373083] acpi PNP0A03:00: _OSC: not requesting OS control; OS requires [ExtendedConfig ASPM ClockPM MSI]
[    0.374380] acpi PNP0A03:00: fail to add MMCONFIG information, can't access extended PCI configuration space under this bridge.
[    0.376367] PCI host bridge to bus 0000:00
[    0.377266] pci_bus 0000:00: root bus resource [io  0x0000-0x0cf7 window]
[    0.378245] pci_bus 0000:00: root bus resource [io  0x0d00-0xffff window]
[    0.379247] pci_bus 0000:00: root bus resource [mem 0x000a0000-0x000bffff window]
[    0.380607] pci_bus 0000:00: root bus resource [mem 0x40000000-0xfdffffff window]
[    0.382199] pci_bus 0000:00: root bus resource [bus 00-ff]
[    0.384095] pci 0000:00:01.1: legacy IDE quirk: reg 0x10: [io  0x01f0-0x01f7]
[    0.385103] pci 0000:00:01.1: legacy IDE quirk: reg 0x14: [io  0x03f6]
[    0.385946] pci 0000:00:01.1: legacy IDE quirk: reg 0x18: [io  0x0170-0x0177]
[    0.386962] pci 0000:00:01.1: legacy IDE quirk: reg 0x1c: [io  0x0376]
[    0.395808] pci 0000:00:07.0: quirk: [io  0x4000-0x403f] claimed by PIIX4 ACPI
[    0.403315] pci 0000:00:07.0: quirk: [io  0x4100-0x410f] claimed by PIIX4 SMB
[    0.407159] ACPI: PCI Interrupt Link [LNKA] (IRQs 5 9 10 *11)
[    0.408671] ACPI: PCI Interrupt Link [LNKB] (IRQs 5 9 *10 11)
[    0.409689] ACPI: PCI Interrupt Link [LNKC] (IRQs 5 *9 10 11)
[    0.410878] ACPI: PCI Interrupt Link [LNKD] (IRQs 5 9 10 *11)
[    0.411928] ACPI: Enabled 2 GPEs in block 00 to 07
[    0.412824] vgaarb: setting as boot device: PCI:0000:00:02.0
[    0.413602] vgaarb: device added: PCI:0000:00:02.0,decodes=io+mem,owns=io+mem,locks=none
[    0.414710] vgaarb: loaded
[    0.415153] vgaarb: bridge control possible 0000:00:02.0
[    0.415974] SCSI subsystem initialized
[    0.416791] ACPI: bus type USB registered
[    0.417405] usbcore: registered new interface driver usbfs
[    0.418133] usbcore: registered new interface driver hub
[    0.418830] usbcore: registered new device driver usb
[    0.419747] PCI: Using ACPI for IRQ routing
[    0.420587] NetLabel: Initializing
[    0.421225] NetLabel:  domain hash size = 128
[    0.421832] NetLabel:  protocols = UNLABELED CIPSOv4
[    0.422497] NetLabel:  unlabeled traffic allowed by default
[    0.423329] amd_nb: Cannot enumerate AMD northbridges
[    0.424263] clocksource: Switched to clocksource kvm-clock
[    0.428716] AppArmor: AppArmor Filesystem Enabled
[    0.429436] pnp: PnP ACPI init
[    0.430421] pnp: PnP ACPI: found 3 devices
[    0.438671] clocksource: acpi_pm: mask: 0xffffff max_cycles: 0xffffff, max_idle_ns: 2085701024 ns
[    0.440013] NET: Registered protocol family 2
[    0.440778] TCP established hash table entries: 8192 (order: 4, 65536 bytes)
[    0.441868] TCP bind hash table entries: 8192 (order: 5, 131072 bytes)
[    0.442737] TCP: Hash tables configured (established 8192 bind 8192)
[    0.443593] UDP hash table entries: 512 (order: 2, 16384 bytes)
[    0.444401] UDP-Lite hash table entries: 512 (order: 2, 16384 bytes)
[    0.445292] NET: Registered protocol family 1
[    0.445938] pci 0000:00:00.0: Limiting direct PCI/PCI transfers
[    0.446733] pci 0000:00:01.0: Activating ISA DMA hang workarounds
[    0.447725] Unpacking initramfs...
[    0.590509] Freeing initrd memory: 14888K
[    0.591494] clocksource: tsc: mask: 0xffffffffffffffff max_cycles: 0x22983b44418, max_idle_ns: 440795259572 ns
[    0.593187] platform rtc_cmos: registered platform RTC device (no PNP device found)
[    0.594338] Scanning for low memory corruption every 60 seconds
[    0.595427] audit: initializing netlink subsys (disabled)
[    0.596161] audit: type=2000 audit(1717211340.290:1): initialized
[    0.597182] Initialise system trusted keyring
[    0.597918] HugeTLB registered 2 MB page size, pre-allocated 0 pages
[    0.599495] zbud: loaded
[    0.600178] VFS: Disk quotas dquot_6.6.0
[    0.600831] VFS: Dquot-cache hash table entries: 512 (order 0, 4096 bytes)
[    0.601844] squashfs: version 4.0 (2009/01/31) Phillip Lougher
[    0.602871] fuse init (API version 7.23)
[    0.603558] Key type big_key registered
[    0.604141] Allocating IMA MOK and blacklist keyrings.
[    0.605623] Key type asymmetric registered
[    0.606197] Asymmetric key parser 'x509' registered
[    0.606880] Block layer SCSI generic (bsg) driver version 0.4 loaded (major 249)
[    0.607995] io scheduler noop registered
[    0.609107] io scheduler deadline registered (default)
[    0.609871] io scheduler cfq registered
[    0.610937] pci_hotplug: PCI Hot Plug PCI Core version: 0.5
[    0.611745] pciehp: PCI Express Hot Plug Controller Driver version: 0.4
[    0.612865] ACPI: AC Adapter [AC] (on-line)
[    0.613605] input: Power Button as /devices/LNXSYSTM:00/LNXPWRBN:00/input/input0
[    0.614705] ACPI: Power Button [PWRF]
[    0.615393] input: Sleep Button as /devices/LNXSYSTM:00/LNXSLPBN:00/input/input1
[    0.616470] ACPI: Sleep Button [SLPF]
[    0.617127] GHES: HEST is not enabled!
[    0.617543] ACPI: Battery Slot [BAT0] (battery present)
[    0.618556] Serial: 8250/16550 driver, 32 ports, IRQ sharing enabled
[    0.639664] 00:02: ttyS0 at I/O 0x3f8 (irq = 4, base_baud = 115200) is a 16550A
[    0.642694] Linux agpgart interface v0.103
[    0.646669] loop: module loaded
[    0.647453] scsi host0: ata_piix
[    0.648072] scsi host1: ata_piix
[    0.648629] ata1: PATA max UDMA/33 cmd 0x1f0 ctl 0x3f6 bmdma 0xd000 irq 14
[    0.649479] ata2: PATA max UDMA/33 cmd 0x170 ctl 0x376 bmdma 0xd008 irq 15
[    0.650611] libphy: Fixed MDIO Bus: probed
[    0.651186] tun: Universal TUN/TAP device driver, 1.6
[    0.651881] tun: (C) 1999-2004 Max Krasnyansky <maxk@qualcomm.com>
[    0.652759] PPP generic driver version 2.4.2
[    0.653393] ehci_hcd: USB 2.0 'Enhanced' Host Controller (EHCI) Driver
[    0.654217] ehci-pci: EHCI PCI platform driver
[    0.654823] ehci-platform: EHCI generic platform driver
[    0.655547] ohci_hcd: USB 1.1 'Open' Host Controller (OHCI) Driver
[    0.656381] ohci-pci: OHCI PCI platform driver
[    0.656988] ohci-platform: OHCI generic platform driver
[    0.657676] uhci_hcd: USB Universal Host Controller Interface driver
[    0.658743] i8042: PNP: PS/2 Controller [PNP0303:PS2K,PNP0f03:PS2M] at 0x60,0x64 irq 1,12
[    0.660207] serio: i8042 KBD port at 0x60,0x64 irq 1
[    0.660915] serio: i8042 AUX port at 0x60,0x64 irq 12
[    0.661682] mousedev: PS/2 mouse device common for all mice
[    0.662787] input: AT Translated Set 2 keyboard as /devices/platform/i8042/serio0/input/input2
[    0.664402] rtc_cmos rtc_cmos: rtc core: registered rtc_cmos as rtc0
[    0.665257] rtc_cmos rtc_cmos: alarms up to one day, 114 bytes nvram
[    0.666087] i2c /dev entries driver
[    0.666699] device-mapper: uevent: version 1.0.3
[    0.667421] device-mapper: ioctl: 4.34.0-ioctl (2015-10-28) initialised: dm-devel@redhat.com
[    0.668599] ledtrig-cpu: registered to indicate activity on CPUs
[    0.669696] NET: Registered protocol family 10
[    0.670450] NET: Registered protocol family 17
[    0.671108] Key type dns_resolver registered
[    0.672058] registered taskstats version 1
[    0.672733] Loading compiled-in X.509 certificates
[    0.673775] Loaded X.509 cert 'Build time autogenerated kernel key: cf00e047681d67edb2720680708b7d9498083038'
[    0.675252] zswap: loaded using pool lzo/zbud
[    0.676986] Key type trusted registered
[    0.679031] Key type encrypted registered
[    0.679594] AppArmor: AppArmor sha1 policy hashing enabled
[    0.680349] ima: No TPM chip found, activating TPM-bypass!
[    0.681140] ima: Allocated hash algorithm: sha1
[    0.681784] evm: HMAC attrs: 0x1
[    0.682454]   Magic number: 12:453:107
[    0.683194] rtc_cmos rtc_cmos: setting system clock to 2024-06-01 03:08:56 UTC (1717211336)
[    0.684498] BIOS EDD facility v0.16 2004-Jun-25, 0 devices found
[    0.685479] EDD information not available.
[    0.832767] Freeing unused kernel memory: 1492K
[    0.833530] Write protecting the kernel read-only data: 14336k
[    0.834786] Freeing unused kernel memory: 1584K
[    0.835624] Freeing unused kernel memory: 52K
Loading, please wait...
starting version 229
[    0.844345] random: systemd-udevd: uninitialized urandom read (16 bytes read, 1 bits of entropy available)
[    0.844674] random: udevadm: uninitialized urandom read (16 bytes read, 1 bits of entropy available)
[    0.844703] random: udevadm: uninitialized urandom read (16 bytes read, 1 bits of entropy available)
[    0.848309] random: systemd-udevd: uninitialized urandom read (16 bytes read, 1 bits of entropy available)
[    0.848604] random: udevadm: uninitialized urandom read (16 bytes read, 1 bits of entropy available)
[    0.848631] random: udevadm: uninitialized urandom read (16 bytes read, 1 bits of entropy available)
[    0.848701] random: udevadm: uninitialized urandom read (16 bytes read, 1 bits of entropy available)
[    0.848729] random: udevadm: uninitialized urandom read (16 bytes read, 1 bits of entropy available)
[    0.848758] random: udevadm: uninitialized urandom read (16 bytes read, 1 bits of entropy available)
[    0.848786] random: udevadm: uninitialized urandom read (16 bytes read, 1 bits of entropy available)
[    0.879829] e1000: Intel(R) PRO/1000 Network Driver - version 7.3.21-k8-NAPI
[    0.880741] e1000: Copyright (c) 1999-2006 Intel Corporation.
[    0.883656] Fusion MPT base driver 3.04.20
[    0.884228] Copyright (c) 1999-2008 LSI Corporation
[    0.890995] Fusion MPT SPI Host driver 3.04.20
[    0.899492] AVX2 version of gcm_enc/dec engaged.
[    0.900158] AES CTR mode by8 optimization enabled
[    1.089162] input: ImExPS/2 Generic Explorer Mouse as /devices/platform/i8042/serio1/input/input4
[    1.233961] e1000 0000:00:03.0 eth0: (PCI:33MHz:32-bit) 02:be:82:6b:cc:1d
[    1.236350] e1000 0000:00:03.0 eth0: Intel(R) PRO/1000 Network Connection
[    1.239961] mptbase: ioc0: Initiating bringup
[    1.240334] e1000 0000:00:03.0 enp0s3: renamed from eth0
[    1.312897] ioc0: LSI53C1030 A0: Capabilities={Initiator}
[    1.478126] scsi host2: ioc0: LSI53C1030 A0, FwRev=00000000h, Ports=1, MaxQ=256, IRQ=20
[    1.589697] scsi 2:0:0:0: Direct-Access     VBOX     HARDDISK         1.0  PQ: 0 ANSI: 5
[    1.594816] scsi target2:0:0: Beginning Domain Validation
[    1.596924] scsi target2:0:0: Domain Validation skipping write tests
[    1.597754] scsi target2:0:0: Ending Domain Validation
[    1.598461] scsi target2:0:0: asynchronous
[    1.599318] scsi 2:0:1:0: Direct-Access     VBOX     HARDDISK         1.0  PQ: 0 ANSI: 5
[    1.600407] scsi target2:0:1: Beginning Domain Validation
[    1.601657] scsi target2:0:1: Domain Validation skipping write tests
[    1.602440] scsi target2:0:1: Ending Domain Validation
[    1.603228] scsi target2:0:1: asynchronous
[    1.607656] sd 2:0:0:0: [sda] 83886080 512-byte logical blocks: (42.9 GB/40.0 GiB)
[    1.607861] sd 2:0:0:0: Attached scsi generic sg0 type 0
[    1.607955] sd 2:0:1:0: Attached scsi generic sg1 type 0
[    1.608624] sd 2:0:1:0: [sdb] 20480 512-byte logical blocks: (10.5 MB/10.0 MiB)
[    1.608692] sd 2:0:1:0: [sdb] Write Protect is off
[    1.608736] sd 2:0:1:0: [sdb] Incomplete mode parameter data
[    1.608737] sd 2:0:1:0: [sdb] Assuming drive cache: write through
[    1.610640] sd 2:0:1:0: [sdb] Attached SCSI disk
[    1.621726] sd 2:0:0:0: [sda] Write Protect is off
[    1.622444] sd 2:0:0:0: [sda] Incomplete mode parameter data
[    1.623212] sd 2:0:0:0: [sda] Assuming drive cache: write through
[    1.625697]  sda: sda1
[    1.627004] sd 2:0:0:0: [sda] Attached SCSI disk
Begin: Loading essential drivers ... [    2.835744] md: linear personality registered for level -1
[    2.838106] md: multipath personality registered for level -4
[    2.840121] md: raid0 personality registered for level 0
[    2.842636] md: raid1 personality registered for level 1
[    2.918888] raid6: sse2x1   gen() 15379 MB/s
[    2.998754] raid6: sse2x1   xor() 11868 MB/s
[    3.064470] raid6: sse2x2   gen() 19703 MB/s
[    3.143159] raid6: sse2x2   xor() 15621 MB/s
[    3.223181] raid6: sse2x4   gen() 25849 MB/s
[    3.289203] raid6: sse2x4   xor() 12348 MB/s
[    3.369225] raid6: avx2x1   gen() 32805 MB/s
[    3.437833] raid6: avx2x2   gen() 37041 MB/s
[    3.504654] raid6: avx2x4   gen() 39882 MB/s
[    3.505511] raid6: using algorithm avx2x4 gen() 39882 MB/s
[    3.506872] raid6: using avx2x2 recovery algorithm
[    3.509735] xor: automatically using best checksumming function:
[    3.548905]    avx       : 29876.000 MB/sec
[    3.550555] async_tx: api initialized (async)
[    3.557234] md: raid6 personality registered for level 6
[    3.557987] md: raid5 personality registered for level 5
[    3.558924] md: raid4 personality registered for level 4
[    3.563433] md: raid10 personality registered for level 10
done.
Begin: Running /scripts/init-premount ... done.
Begin: Mounting root file system ... Begin: Running /scripts/local-top ... done.
Begin: Running /scripts/local-premount ... [    3.581647] Btrfs loaded
Scanning for Btrfs filesystems
done.
Warning: fsck not present, so skipping root file system
[    3.603156] EXT4-fs (sda1): mounted filesystem with ordered data mode. Opts: (null)
done.
Begin: Running /scripts/local-bottom ... done.
Begin: Running /scripts/init-bottom ... done.
[    3.667534] systemd[1]: systemd 229 running in system mode. (+PAM +AUDIT +SELINUX +IMA +APPARMOR +SMACK +SYSVINIT +UTMP +LIBCRYPTSETUP +GCRYPT +GNUTLS +ACL +XZ -LZ4 +SECCOMP +BLKID +ELFUTILS +KMOD -IDN)
[    3.669908] systemd[1]: Detected virtualization oracle.
[    3.670623] systemd[1]: Detected architecture x86-64.

Welcome to [1mUbuntu 16.04.7 LTS[0m!

[    3.673633] systemd[1]: Set hostname to <ubuntu>.
[    3.675827] systemd[1]: Initializing machine ID from random generator.
[    3.676981] systemd[1]: Installed transient /etc/machine-id file.
[    3.757309] systemd[1]: Reached target Encrypted Volumes.
[[0;32m  OK  [0m] Reached target Encrypted Volumes.
[    3.758754] systemd[1]: Listening on Journal Socket (/dev/log).
[[0;32m  OK  [0m] Listening on Journal Socket (/dev/log).
[    3.760515] systemd[1]: Listening on Journal Audit Socket.
[[0;32m  OK  [0m] Listening on Journal Audit Socket.
[    3.761836] systemd[1]: Listening on Syslog Socket.
[[0;32m  OK  [0m] Listening on Syslog Socket.
[    3.763018] systemd[1]: Started Forward Password Requests to Wall Directory Watch.
[[0;32m  OK  [0m] Started Forward Password Requests to Wall Directory Watch.
[    3.764821] systemd[1]: Listening on Device-mapper event daemon FIFOs.
[[0;32m  OK  [0m] Listening on Device-mapper event daemon FIFOs.
[    3.766343] systemd[1]: Listening on udev Kernel Socket.
[[0;32m  OK  [0m] Listening on udev Kernel Socket.
[    3.767639] systemd[1]: Set up automount Arbitrary Executable File Formats File System Automount Point.
[[0;32m  OK  [0m] Set up automount Arbitrary Executab...ats File System Automount Point.
[    3.769717] systemd[1]: Reached target System Time Synchronized.
[[0;32m  OK  [0m] Reached target System Time Synchronized.
[    3.771118] systemd[1]: Reached target Swap.
[[0;32m  OK  [0m] Reached target Swap.
[    3.772198] systemd[1]: Listening on LVM2 poll daemon socket.
[[0;32m  OK  [0m] Listening on LVM2 poll daemon socket.
[    3.773569] systemd[1]: Reached target User and Group Name Lookups.
[[0;32m  OK  [0m] Reached target User and Group Name Lookups.
[    3.775148] systemd[1]: Listening on udev Control Socket.
[[0;32m  OK  [0m] Listening on udev Control Socket.
[    3.776494] systemd[1]: Listening on /dev/initctl Compatibility Named Pipe.
[[0;32m  OK  [0m] Listening on /dev/initctl Compatibility Named Pipe.
[    3.778137] systemd[1]: Listening on LVM2 metadata daemon socket.
[[0;32m  OK  [0m] Listening on LVM2 metadata daemon socket.
[    3.779573] systemd[1]: Started Trigger resolvconf update for networkd DNS.
[[0;32m  OK  [0m] Started Trigger resolvconf update for networkd DNS.
[    3.781292] systemd[1]: Created slice User and Session Slice.
[[0;32m  OK  [0m] Created slice User and Session Slice.
[    3.782747] systemd[1]: Created slice System Slice.
[[0;32m  OK  [0m] Created slice System Slice.
[    3.784054] systemd[1]: Created slice system-serial\x2dgetty.slice.
[[0;32m  OK  [0m] Created slice system-serial\x2dgetty.slice.
[    3.785496] systemd[1]: Reached target Slices.
[[0;32m  OK  [0m] Reached target Slices.
[    3.786682] systemd[1]: Listening on fsck to fsckd communication Socket.
[[0;32m  OK  [0m] Listening on fsck to fsckd communication Socket.
[    3.788196] systemd[1]: Listening on Journal Socket.
[[0;32m  OK  [0m] Listening on Journal Socket.
[    3.804542] systemd[1]: Starting Nameserver information manager...
         Starting Nameserver information manager...
[    3.806234] systemd[1]: Mounting POSIX Message Queue File System...
         Mounting POSIX Message Queue File System...
[    3.807951] systemd[1]: Mounting Debug File System...
         Mounting Debug File System...
[    3.809824] systemd[1]: Starting File System Check on Root Device...
         Starting File System Check on Root Device...
[    3.811728] systemd[1]: Starting Uncomplicated firewall...
         Starting Uncomplicated firewall...
[    3.813401] systemd[1]: Mounting Huge Pages File System...
         Mounting Huge Pages File System...
[    3.815443] systemd[1]: Starting Create list of required static device nodes for the current kernel...
         Starting Create list of required st... nodes for the current kernel...
[    3.819528] systemd[1]: Starting Load Kernel Modules...
         Starting Load Kernel Modules...
[    3.821467] systemd[1]: Starting Monitoring of LVM2 mirrors, snapshots etc. using dmeventd or progress polling...
         Starting Monitoring of LVM2 mirrors... dmeventd or progress polling...
[    3.824382] systemd[1]: Starting Journal Service...
         Starting Journal Service...
[    3.826234] systemd[1]: Starting Set console keymap...
         Starting Set console keymap...
[    3.829621] systemd[1]: Mounted Huge Pages File System.
[[0;32m  OK  [0m] Mounted Huge Pages File System.
[    3.831099] systemd[1]: Mounted POSIX Message Queue File System.
[[0;32m  OK  [0m] Mounted POSIX Message Queue File System.
[    3.832933] systemd[1]: Mounted Debug File System.
[[0;32m  OK  [0m] Mounted Debug File System.
[    3.834799] systemd[1]: Started File System Check on Root Device.
[[0;32m  OK  [0m] Started File System Check on Root Device.
[    3.836958] systemd[1]: Started Uncomplicated firewall.
[[0;32m  OK  [0m] Started Uncomplicated firewall.
[    3.839582] Loading iSCSI transport class v2.0-870.
[    3.840915] systemd[1]: Started Create list of required static device nodes for the current kernel.
[[0;32m  OK  [0m] Started Create list of required sta...ce nodes for the current kernel.
[    3.843319] systemd[1]: Started Nameserver information manager.
[[0;32m  OK  [0m] Started Nameserver information manager.
[    3.845992] systemd[1]: Started LVM2 metadata daemon.
[[0;32m  OK  [0m] Started LVM2 metadata daemon.
[    3.847659] systemd[1]: Started File System Check Daemon to report status.
[[0;32m  OK  [0m] Started File System Check Daemon to report status.
[    3.849662] systemd[1]: Starting Create Static Device Nodes in /dev...
         Starting Create Static Device Nodes in /dev...
[    3.855649] systemd[1]: Starting Remount Root and Kernel File Systems...
         Starting Remount Root and Kernel File Systems...
[    3.857844] EXT4-fs (sda1): re-mounted. Opts: (null)
[    3.860039] systemd[1]: Started Remount Root and Kernel File Systems.
[[0;32m  OK  [0m] Started Remount Root and Kernel File Systems.
[    3.862008] iscsi: registered transport (tcp)
[    3.862956] systemd[1]: Starting udev Coldplug all Devices...
         Starting udev Coldplug all Devices...
[    3.864847] systemd[1]: Starting Load/Save Random Seed...
         Starting Load/Save Random Seed...
[    3.866665] systemd[1]: Started Journal Service.
[[0;32m  OK  [0m] Started Journal Service.
         Starting Flush Journal to Persistent Storage...
[[0;32m  OK  [0m] Started Create Static Device Nodes in /dev.
         Starting udev Kernel Device Manager...
[[0;32m  OK  [0m] Started Load/Save Random Seed.
[    3.879019] systemd-journald[396]: Received request to flush runtime journal from PID 1
[[0;32m  OK  [0m] Started Flush Journal to Persistent Storage.
[[0;32m  OK  [0m] Started Set console keymap.
[[0;32m  OK  [0m] Started udev Kernel Device Manager.
[[0;32m  OK  [0m] Started udev Coldplug all Devices.
[[0;32m  OK  [0m] Started Dispatch Password Requests to Console Directory Watch.
[    3.910660] iscsi: registered transport (iser)
[[0;32m  OK  [0m] Started Load Kernel Modules.
         Mounting FUSE Control File System...
         Starting Apply Kernel Variables...
[[0;32m  OK  [0m] Mounted FUSE Control File System.
[[0;32m  OK  [0m] Started Apply Kernel Variables.
[[0;32m  OK  [0m] Found device /dev/ttyS0.
[[0;32m  OK  [0m] Listening on Load/Save RF Kill Switch Status /dev/rfkill Watch.
[[0;32m  OK  [0m] Started Monitoring of LVM2 mirrors,...ng dmeventd or progress polling.
[[0;32m  OK  [0m] Reached target Local File Systems (Pre).
[[0;32m  OK  [0m] Reached target Local File Systems.
         Starting Tell Plymouth To Write Out Runtime Data...
         Starting Commit a transient machine-id on disk...
         Starting LSB: AppArmor initialization...
         Starting Create Volatile Files and Directories...
         Starting Set console font and keymap...
         Starting Initial cloud-init job (pre-networking)...
[[0;32m  OK  [0m] Started Tell Plymouth To Write Out Runtime Data.
[[0;32m  OK  [0m] Started Commit a transient machine-id on disk.
[[0;32m  OK  [0m] Started Create Volatile Files and Directories.
         Starting Update UTMP about System Boot/Shutdown...
[[0;32m  OK  [0m] Started Update UTMP about System Boot/Shutdown.
[[0;32m  OK  [0m] Started Set console font and keymap.
[[0;32m  OK  [0m] Created slice system-getty.slice.
[[0;32m  OK  [0m] Started LSB: AppArmor initialization.
         Starting Load AppArmor profiles managed internally by snapd...
[[0;32m  OK  [0m] Started Load AppArmor profiles managed internally by snapd.
[    4.835893] cloud-init[636]: Cloud-init v. 21.1-19-gbad84ad4-0ubuntu1~16.04.2 running 'init-local' at Sat, 01 Jun 2024 03:09:00 +0000. Up 4.66 seconds.
[[0;32m  OK  [0m] Started Initial cloud-init job (pre-networking).
[[0;32m  OK  [0m] Reached target Network (Pre).
         Starting Raise network interfaces...
[[0;32m  OK  [0m] Started Raise network interfaces.
         Starting Initial cloud-init job (metadata service crawler)...
[[0;32m  OK  [0m] Reached target Network.
[    5.459866] cloud-init[950]: Cloud-init v. 21.1-19-gbad84ad4-0ubuntu1~16.04.2 running 'init' at Sat, 01 Jun 2024 03:09:01 +0000. Up 5.13 seconds.
[    5.469078] cloud-init[950]: ci-info: ++++++++++++++++++++++++++++++++++++++Net device info++++++++++++++++++++++++++++++++++++++
[    5.476624] cloud-init[950]: ci-info: +--------+------+----------------------------+---------------+--------+-------------------+
[    5.478107] cloud-init[950]: ci-info: | Device |  Up  |          Address           |      Mask     | Scope  |     Hw-Address    |
[    5.479551] cloud-init[950]: ci-info: +--------+------+----------------------------+---------------+--------+-------------------+
[    5.480908] cloud-init[950]: ci-info: | enp0s3 | True |         10.0.2.15          | 255.255.255.0 | global | 02:be:82:6b:cc:1d |
[    5.496193] [[0;32m  OK  [0m] Started Initial cloud-init job (metadata service crawler).
cloud-init[950]: ci-info: | enp0s3 | True | fe80::be:82ff:fe6b:cc1d/64 |       .       |  link  | 02:be:82:6b:cc:1d |
[    5.504882] [[0;32m  OK  [0m] Reached target Cloud-config availability.
[[0;32m  OK  [0m] Reached target System Initialization.
[[0;32m  OK  [0m] Started Daily Cleanup of Temporary Directories.
[[0;32m  OK  [0m] Started Ubuntu Advantage update messaging.
[[0;32m  OK  [0m] Started Message of the Day.
[[0;32m  OK  [0m] Listening on ACPID Listen Socket.
cloud-init[950]: ci-info: |   lo   | True |         127.0.0.1          |   255.0.0.0   |  host  |         .         |[[0;32m  OK  [0m] Started ACPI Events Check.
[[0;32m  OK  [0m] Reached target Paths.
[[0;32m  OK  [0m] Listening on UUID daemon activation socket.
[[0;32m  OK  [0m] Listening on D-Bus System Message Bus Socket.
         Starting Socket activation for snappy daemon.
[[0;32m  OK  [0m] Started Daily apt download activities.
[[0;32m  OK  [0m] Started Daily apt upgrade and clean activities.
[[0;32m  OK  [0m] Reached target Timers.

[    5.511594]          Starting LXD - unix socket.
[[0;32m  OK  [0m] Reached target Network is Online.
cloud-init[950]: ci-info: |   lo   | True |          ::1/128           |       .       |  host  |         .         |
[    5.513417] cloud-init[950]: ci-info: +--------+------+----------------------------+---------------+--------+-------------------+
[    5.514558] cloud-init[950]: ci-info: +++++++++++++++++++++++++++Route IPv4 info++++++++++++++++++++++++++++
[    5.515586] cloud-init[950]: ci-info: +-------+-------------+----------+---------------+-----------+-------+
[    5.516619] cloud-init[950]: ci-info: | Route | Destination | Gateway  |    Genmask    | Interface | Flags |
[    5.517585] cloud-init[950]: ci-info: +-------+-------------+----------+---------------+-----------+-------+
[    5.518559] cloud-init[950]: ci-info: |   0   |   0.0.0.0   | 10.0.2.2 |    0.0.0.0    |   enp0s3  |   UG  |
[    5.519600] cloud-init[950]: ci-info: |   1   |   10.0.2.0  | 0.0.0.0  | 255.255.255.0 |   enp0s3  |   U   |
[    5.520596] cloud-init[950]: ci-info: +-------+-------------+----------+---------------+-----------+-------+
[    5.522144] cloud-init[950]: ci-info: +++++++++++++++++++Route IPv6 info+++++++++++++++++++
[    5.523070] cloud-init[950]: ci-info: +-------+-------------+---------+-----------+-------+
[    5.523911] cloud-init[950]: ci-info: | Route | Destination | Gateway | Interface | Flags |
[    5.524812] cloud-init[950]: ci-info: +-------+-------------+---------+-----------+-------+
[    5.525699] cloud-init[950]: ci-info: |   0   |  fe80::/64  |    ::   |   enp0s3  |   U   |
[    5.526596] cloud-init[950]: ci-info: |   3   |   ff00::/8  |    ::   |   enp0s3  |   U   |
[    5.527493] cloud-init[950]: ci-info: +-------+-------------+---------+-----------+-------+
[    5.528412] cloud-init[950]: Generating public/private rsa key pair.
[    5.529158] cloud-init[950]: Your identification has been saved in /etc/ssh/ssh_host_rsa_key.
[    5.530057] cloud-init[950]: Your public key has been saved in /etc/ssh/ssh_host_rsa_key.pub.
[    5.530977] cloud-init[950]: The key fingerprint is:
[    5.531640] cloud-init[950]: SHA256:EA9yfwddJOmIXgAsWs+bGmE/pUQb9ax4TMexnWEbvOU root@ubuntu-xenial         Starting iSCSI initiator daemon (iscsid)...
[[0;32m  OK  [0m] Listening on Socket activation for snappy daemon.
[[0;32m  OK  [0m] Listening on LXD - unix socket.
[[0;32m  OK  [0m] Reached target Sockets.
[[0;32m  OK  [0m] Reached target Basic System.
[[0;32m  OK  [0m] Started FUSE filesystem for LXC.

[[0;32m  OK  [0m] Started ACPI event daemon.
         Starting Login Service...
[    5.535085]          Starting Pollinate to seed the pseudo random number generator...
         Starting Accounts Service...
cloud-init[950]: The key's randomart image is:
[    5.540458] cloud-init[950]: +---[RSA 2048]----+
         Starting LSB: Record successful boot for GRUB...
[[0;32m  OK  [0m] Started D-Bus System Message Bus.
[    5.543882] cloud-init[950]: |    ..=o. oo=+o  |
[    5.549665] cloud-init[950]: |    oo+=.+ *+*.  |
[    5.550707] cloud-init[950]: |   o =.o+oBo=+   |
[    5.551598] cloud-init[950]: |  . o ==o+o.o E  |
[    5.552719] cloud-init[950]: |   . +.*S.       |
[    5.553393] cloud-init[950]: |    . *..        |
[    5.554114] cloud-init[950]: |     o .         |
[    5.554783] cloud-init[950]: |    .            |
[    5.555351] cloud-init[950]: |                 |
[    5.556124] cloud-init[950]: +----[SHA256]-----+
[    5.556868] cloud-init[950]: Generating public/private dsa key pair.
[    5.557960] cloud-init[950]: Your identification has been saved in /etc/ssh/ssh_host_dsa_key.
[    5.558905] cloud-init[950]: Your public key has been saved in /etc/ssh/ssh_host_dsa_key.pub.
[    5.559845] cloud-init[950]: The key fingerprint is:
[    5.560568] cloud-init[950]: SHA256:7owPgGTw2cVJA1nQZswS84o7LOgx0pbhK6GcI8RjQt8 root@ubuntu-xenial
[    5.563705] cloud-init[950]: The key's randomart image is:
[    5.565852] cloud-init[950]: +---[DSA 1024]----+
[    5.566684] cloud-init[950]: |.   =%=.         |
[    5.567553] cloud-init[950]: | o oo+O.         |
[    5.568977] cloud-init[950]: |  = .+.          |
[    5.570147] cloud-init[950]: | + o .           |
[    5.571107] cloud-init[950]: |o = +   S        |
[    5.571747] cloud-init[950]: |+O = E .         |
[    5.572604] cloud-init[950]: |X+@   . .        |
[    5.573950] cloud-init[950]: |**oo   =         |
[    5.574630] cloud-init[950]: |.oo   ..+        |
[    5.575823] cloud-init[950]: +----[SHA256]-----+
[    5.576432] cloud-init[950]: Generating public/private ecdsa key pair.
[    5.577167] cloud-init[950]: Your identification has been saved in /etc/ssh/ssh_host_ecdsa_key.
[    5.578038] cloud-init[950]: Your public key has been saved in /etc/ssh/ssh_host_ecdsa_key.pub.
[    5.579281] cloud-init[950]: The key fingerprint is:
         Starting LXD - container startup/shutdown...
[[0;32m  OK  [0m] Started Deferred execution scheduler.
         Starting System Logging Service...
         Starting Virtualbox guest utils...
         Starting LSB: MD monitoring daemon...
[[0;32m  OK  [0m] Started Regular background program processing daemon.
         Starting /etc/rc.local Compatibility...
         Starting Snap Daemon...
[    5.579953] cloud-init[950]: SHA256:04waSaox3M4nWIhJ1rC+1qWvrucXaxGOLjk53pIajJE root@ubuntu-xenial
[    5.586053] cloud-init[950]: The key's randomart image is:
[    5.586844] cloud-init[950]: +---[ECDSA 256]---+
[    5.587583] cloud-init[950]: | .               |
[[0;32m  OK  [0m] Started /etc/rc.local Compatibility.
[    5.595007] cloud-init[950]: |  +              |
[    5.598435] cloud-init[950]: | + .  .          |
[[0;32m  OK  [0m] Started iSCSI initiator daemon (iscsid).
[    5.607312] cloud-init[950]: |+= o + . +       |
[    5.616156] [[0;32m  OK  [0m] Started Login Service.
cloud-init[950]: |E.= *.+ S o      |
[    5.617626] cloud-init[950]: |o.oXo+ o .       |
[    5.618799] cloud-init[950]: |o+Bo+ *          |
[    5.619555] cloud-init[950]: |.X.o.*           |
[    5.620358] cloud-init[950]: |+oX=+.           |
[    5.622383] cloud-init[950]: +----[SHA256]-----+
[    5.623052] cloud-init[950]: Generating public/private ed25519 key pair.
[    5.623863] cloud-init[950]: Your identification has been saved in /etc/ssh/ssh_host_ed25519_key.
[    5.625148] cloud-init[950]: Your public key has been saved in /etc/ssh/ssh_host_ed25519_key.pub.
[    5.626115] cloud-init[950]: The key fingerprint is:
[    5.626812] cloud-init[950]: SHA256:grJl2glur2t1IxCVEvdVAFRPENyYSFA0mR+SUf9FzaM root@ubuntu-xenial
[    5.627796] [[0;32m  OK  [0m] Started Unattended Upgrades Shutdown.
         Starting Authenticate and Authorize Users to Run Privileged Tasks...
         Starting Login to default iSCSI targets...
[[0;32m  OK  [0m] Started LSB: Record successful boot for GRUB.
cloud-init[950]: The key's randomart image is:
[    5.635102] cloud-init[950]: +--[ED25519 256]--+
[    5.636066] cloud-init[950]: |  .o+BO@BOo   .o |
[    5.636870] cloud-init[950]: |  o...*o=+.  . .o|
[    5.637616] cloud-init[950]: |   o  .o .o   o .|
[    5.645144] cloud-init[950]: |  .  .  .  . E   |
[    5.645821] cloud-init[950]: |  o.+ . S   .    |
[    5.647099] cloud-init[950]: | . Oo.o.         |
[    5.647773] cloud-init[950]: |  =.oo .         |[[0;32m  OK  [0m] Started System Logging Service.

[    5.649298] cloud-init[950]: | ...             |
[    5.650128] cloud-init[950]: [[0;32m  OK  [0m] Started LSB: MD monitoring daemon.
| .oo.            |
[    5.654433] cloud-init[950]: +----[SHA256]-----+
[[0;32m  OK  [0m] Started Virtualbox guest utils.
[[0;32m  OK  [0m] Started Authenticate and Authorize Users to Run Privileged Tasks.
[[0;32m  OK  [0m] Started Login to default iSCSI targets.
[[0;32m  OK  [0m] Reached target Remote File Systems (Pre).
[[0;32m  OK  [0m] Reached target Remote File Systems.
         Starting LSB: automatic crash report generation...
         Starting LSB: Set the CPU Frequency Scaling governor to "ondemand"...
         Starting Permit User Sessions...
         Starting LSB: daemon to balance interrupts for SMP systems...
[[0;32m  OK  [0m] Started Accounts Service.
[[0;32m  OK  [0m] Started Permit User Sessions.
         Starting Terminate Plymouth Boot Screen...
         Starting Hold until boot process finishes up...
[[0;32m  OK  [0m] Started Hold until boot process finishes up.
         Starting Set console scheme...
[[0;32m  OK  [0m] Started Getty on tty1.
[[0;32m  OK  [0m] Started Serial Getty on ttyS0.
[[0;32m  OK  [0m] Reached target Login Prompts.
[[0;32m  OK  [0m] Started Set console scheme.
[[0;32m  OK  [0m] Started Terminate Plymouth Boot Screen.
[[0;32m  OK  [0m] Started LSB: automatic crash report generation.
[[0;32m  OK  [0m] Started LSB: Set the CPU Frequency Scaling governor to "ondemand".
[[0;32m  OK  [0m] Started LSB: daemon to balance interrupts for SMP systems.
[[0;32m  OK  [0m] Started LXD - container startup/shutdown.
[[0;32m  OK  [0m] Started Snap Daemon.
         Starting Wait until snapd is fully seeded...
[[0;32m  OK  [0m] Started Pollinate to seed the pseudo random number generator.
         Starting OpenBSD Secure Shell server...
[[0;32m  OK  [0m] Started OpenBSD Secure Shell server.
[[0;32m  OK  [0m] Started Wait until snapd is fully seeded.
         Starting Apply the settings specified in cloud-config...
[[0;32m  OK  [0m] Reached target Multi-User System.
[[0;32m  OK  [0m] Reached target Graphical Interface.
         Starting Update UTMP about System Runlevel Changes...
[[0;32m  OK  [0m] Started Update UTMP about System Runlevel Changes.
[    8.077009] cloud-init[1296]: Generating locales (this might take a while)...
[    8.450183] cloud-init[1296]:   en_US.UTF-8... done
[    8.451150] cloud-init[1296]: Generation complete.
[    8.622181] cloud-init[1296]: Cloud-init v. 21.1-19-gbad84ad4-0ubuntu1~16.04.2 running 'modules:config' at Sat, 01 Jun 2024 03:09:03 +0000. Up 8.00 seconds.
[[0;32m  OK  [0m] Started Apply the settings specified in cloud-config.
         Starting Execute cloud user/final scripts...
ci-info: no authorized SSH keys fingerprints found for user ubuntu.
<14>Jun  1 03:09:04 ec2: 
<14>Jun  1 03:09:04 ec2: #############################################################
<14>Jun  1 03:09:04 ec2: -----BEGIN SSH HOST KEY FINGERPRINTS-----
<14>Jun  1 03:09:04 ec2: 1024 SHA256:7owPgGTw2cVJA1nQZswS84o7LOgx0pbhK6GcI8RjQt8 root@ubuntu-xenial (DSA)
<14>Jun  1 03:09:04 ec2: 256 SHA256:04waSaox3M4nWIhJ1rC+1qWvrucXaxGOLjk53pIajJE root@ubuntu-xenial (ECDSA)
<14>Jun  1 03:09:04 ec2: 256 SHA256:grJl2glur2t1IxCVEvdVAFRPENyYSFA0mR+SUf9FzaM root@ubuntu-xenial (ED25519)
<14>Jun  1 03:09:04 ec2: 2048 SHA256:EA9yfwddJOmIXgAsWs+bGmE/pUQb9ax4TMexnWEbvOU root@ubuntu-xenial (RSA)
<14>Jun  1 03:09:04 ec2: -----END SSH HOST KEY FINGERPRINTS-----
<14>Jun  1 03:09:04 ec2: #############################################################
-----BEGIN SSH HOST KEY KEYS-----
ecdsa-sha2-nistp256 AAAAE2VjZHNhLXNoYTItbmlzdHAyNTYAAAAIbmlzdHAyNTYAAABBBNtPjmhjOc0AJO6wqdF/jxW5E72WWDZ5bMIb/6rOwCQXlH0qolPFNEuPcU6wtXIwOmbosap66aP1NFzrrqyBsbY= root@ubuntu-xenial
ssh-ed25519 AAAAC3NzaC1lZDI1NTE5AAAAIO4h8tNzF4KYNAxXP9PSAIKrwT1vrfxRVcyQzGdituaJ root@ubuntu-xenial
ssh-rsa AAAAB3NzaC1yc2EAAAADAQABAAABAQDUs6vDOdqD4W0Pxiqp0imDhWvA/EReyp6L85TkkQtj/tLhY+wWogObqcSzh89sMmA80G4N7YlkekFEBDCK1SlbouzidcSqkQqdAgDfZAbJdpSokAAuzhJTDoGHXh0WDYgBoMM7hE4UIsOmXeJ/9WRvhNece9lsqONsfx1O9O1Kdod19+Ghqir/wM6Quxn2PlP6/t/mVf7KGFPsup4vjnRzbBMKp2RaBPulU3s9xY+iadhtDKLdmC+efD97xeEnyjS55U94BbtlTQndy3v/ViwZQ6kSpu5ri6tbjphs1GGrQliwomoKz7k65gm16P6qRxma0JxKatXfsaHhTn2oVCTD root@ubuntu-xenial
-----END SSH HOST KEY KEYS-----
[    8.901949] cloud-init[1340]: Cloud-init v. 21.1-19-gbad84ad4-0ubuntu1~16.04.2 running 'modules:final' at Sat, 01 Jun 2024 03:09:04 +0000. Up 8.81 seconds.
[    8.903217] cloud-init[1340]: ci-info: no authorized SSH keys fingerprints found for user ubuntu.
[    8.904154] cloud-init[1340]: Cloud-init v. 21.1-19-gbad84ad4-0ubuntu1~16.04.2 finished at Sat, 01 Jun 2024 03:09:04 +0000. Datasource DataSourceNoCloud [seed=/dev/sdb][dsmode=net].  Up 8.89 seconds
[[0;32m  OK  [0m] Started Execute cloud user/final scripts.
[[0;32m  OK  [0m] Reached target Cloud-init target.

Ubuntu 16.04.7 LTS ubuntu-xenial ttyS0

ubuntu-xenial login: 